<!doctype html public "-//w3c//dtd html 4.0 transitional//en">
<html><head>
<title>Static Call Graph - [.\obj\ISP_UART.axf]</title></head>
<body><HR>
<H1>Static Call Graph for image .\obj\ISP_UART.axf</H1><HR>
<BR><P>#&#060CALLGRAPH&#062# ARM Linker, 5060960: Last Updated: Sun Dec 04 03:04:53 2022
<BR><P>
<H3>Maximum Stack Usage =         88 bytes + Unknown(Cycles, Untraceable Function Pointers)</H3><H3>
Call chain for Maximum Stack Depth:</H3>
main &rArr; ParseCmd &rArr; UpdateConfig &rArr; FMC_Proc
<P>
<H3>
Mutually Recursive functions
</H3> <LI><a href="#[1]">NMI_Handler</a>&nbsp;&nbsp;&nbsp;&rArr;&nbsp;&nbsp;&nbsp;<a href="#[1]">NMI_Handler</a><BR>
 <LI><a href="#[2]">HardFault_Handler</a>&nbsp;&nbsp;&nbsp;&rArr;&nbsp;&nbsp;&nbsp;<a href="#[2]">HardFault_Handler</a><BR>
 <LI><a href="#[3]">SVC_Handler</a>&nbsp;&nbsp;&nbsp;&rArr;&nbsp;&nbsp;&nbsp;<a href="#[3]">SVC_Handler</a><BR>
 <LI><a href="#[4]">PendSV_Handler</a>&nbsp;&nbsp;&nbsp;&rArr;&nbsp;&nbsp;&nbsp;<a href="#[4]">PendSV_Handler</a><BR>
 <LI><a href="#[5]">SysTick_Handler</a>&nbsp;&nbsp;&nbsp;&rArr;&nbsp;&nbsp;&nbsp;<a href="#[5]">SysTick_Handler</a><BR>
 <LI><a href="#[1e]">Default_Handler</a>&nbsp;&nbsp;&nbsp;&rArr;&nbsp;&nbsp;&nbsp;<a href="#[1e]">Default_Handler</a><BR>
</UL>
<P>
<H3>
Function Pointers
</H3><UL>
 <LI><a href="#[1f]">ACMP01_IRQHandler</a> from startup_m031series.o(.text) referenced from startup_m031series.o(RESET)
 <LI><a href="#[23]">ADC_IRQHandler</a> from startup_m031series.o(.text) referenced from startup_m031series.o(RESET)
 <LI><a href="#[6]">BOD_IRQHandler</a> from startup_m031series.o(.text) referenced from startup_m031series.o(RESET)
 <LI><a href="#[1a]">BPWM0_IRQHandler</a> from startup_m031series.o(.text) referenced from startup_m031series.o(RESET)
 <LI><a href="#[1b]">BPWM1_IRQHandler</a> from startup_m031series.o(.text) referenced from startup_m031series.o(RESET)
 <LI><a href="#[24]">CKFAIL_IRQHandler</a> from startup_m031series.o(.text) referenced from startup_m031series.o(RESET)
 <LI><a href="#[1e]">Default_Handler</a> from startup_m031series.o(.text) referenced from startup_m031series.o(RESET)
 <LI><a href="#[8]">EINT024_IRQHandler</a> from startup_m031series.o(.text) referenced from startup_m031series.o(RESET)
 <LI><a href="#[9]">EINT135_IRQHandler</a> from startup_m031series.o(.text) referenced from startup_m031series.o(RESET)
 <LI><a href="#[a]">GPABGH_IRQHandler</a> from startup_m031series.o(.text) referenced from startup_m031series.o(RESET)
 <LI><a href="#[b]">GPCDEF_IRQHandler</a> from startup_m031series.o(.text) referenced from startup_m031series.o(RESET)
 <LI><a href="#[2]">HardFault_Handler</a> from startup_m031series.o(.text) referenced from startup_m031series.o(RESET)
 <LI><a href="#[18]">I2C0_IRQHandler</a> from startup_m031series.o(.text) referenced from startup_m031series.o(RESET)
 <LI><a href="#[19]">I2C1_IRQHandler</a> from startup_m031series.o(.text) referenced from startup_m031series.o(RESET)
 <LI><a href="#[16]">ISP_IRQHandler</a> from startup_m031series.o(.text) referenced from startup_m031series.o(RESET)
 <LI><a href="#[1]">NMI_Handler</a> from startup_m031series.o(.text) referenced from startup_m031series.o(RESET)
 <LI><a href="#[20]">PDMA_IRQHandler</a> from startup_m031series.o(.text) referenced from startup_m031series.o(RESET)
 <LI><a href="#[c]">PWM0_IRQHandler</a> from startup_m031series.o(.text) referenced from startup_m031series.o(RESET)
 <LI><a href="#[d]">PWM1_IRQHandler</a> from startup_m031series.o(.text) referenced from startup_m031series.o(RESET)
 <LI><a href="#[22]">PWRWU_IRQHandler</a> from startup_m031series.o(.text) referenced from startup_m031series.o(RESET)
 <LI><a href="#[4]">PendSV_Handler</a> from startup_m031series.o(.text) referenced from startup_m031series.o(RESET)
 <LI><a href="#[15]">QSPI0_IRQHandler</a> from startup_m031series.o(.text) referenced from startup_m031series.o(RESET)
 <LI><a href="#[25]">RTC_IRQHandler</a> from startup_m031series.o(.text) referenced from startup_m031series.o(RESET)
 <LI><a href="#[29]">Reset_Handler</a> from startup_m031series.o(.text) referenced from startup_m031series.o(RESET)
 <LI><a href="#[14]">SPI0_IRQHandler</a> from startup_m031series.o(.text) referenced from startup_m031series.o(RESET)
 <LI><a href="#[3]">SVC_Handler</a> from startup_m031series.o(.text) referenced from startup_m031series.o(RESET)
 <LI><a href="#[5]">SysTick_Handler</a> from startup_m031series.o(.text) referenced from startup_m031series.o(RESET)
 <LI><a href="#[27]">SystemInit</a> from system_m031series.o(i.SystemInit) referenced from startup_m031series.o(.text)
 <LI><a href="#[e]">TMR0_IRQHandler</a> from startup_m031series.o(.text) referenced from startup_m031series.o(RESET)
 <LI><a href="#[f]">TMR1_IRQHandler</a> from startup_m031series.o(.text) referenced from startup_m031series.o(RESET)
 <LI><a href="#[10]">TMR2_IRQHandler</a> from startup_m031series.o(.text) referenced from startup_m031series.o(RESET)
 <LI><a href="#[11]">TMR3_IRQHandler</a> from startup_m031series.o(.text) referenced from startup_m031series.o(RESET)
 <LI><a href="#[12]">UART02_IRQHandler</a> from uart_transfer.o(i.UART02_IRQHandler) referenced from startup_m031series.o(RESET)
 <LI><a href="#[13]">UART13_IRQHandler</a> from startup_m031series.o(.text) referenced from startup_m031series.o(RESET)
 <LI><a href="#[21]">UART46_IRQHandler</a> from startup_m031series.o(.text) referenced from startup_m031series.o(RESET)
 <LI><a href="#[17]">UART57_IRQHandler</a> from startup_m031series.o(.text) referenced from startup_m031series.o(RESET)
 <LI><a href="#[1d]">USBD_IRQHandler</a> from startup_m031series.o(.text) referenced from startup_m031series.o(RESET)
 <LI><a href="#[1c]">USCI01_IRQHandler</a> from startup_m031series.o(.text) referenced from startup_m031series.o(RESET)
 <LI><a href="#[7]">WDT_IRQHandler</a> from startup_m031series.o(.text) referenced from startup_m031series.o(RESET)
 <LI><a href="#[28]">__main</a> from entry.o(.ARM.Collect$$$$00000000) referenced from startup_m031series.o(.text)
 <LI><a href="#[26]">main</a> from main.o(i.main) referenced from entry9a.o(.ARM.Collect$$$$0000000B)
</UL>
<P>
<H3>
Global Symbols
</H3>
<P><STRONG><a name="[28]"></a>__main</STRONG> (Thumb, 0 bytes, Stack size unknown bytes, entry.o(.ARM.Collect$$$$00000000))
<BR>[Address Reference Count : 1]<UL><LI> startup_m031series.o(.text)
</UL>
<P><STRONG><a name="[3a]"></a>_main_stk</STRONG> (Thumb, 0 bytes, Stack size unknown bytes, entry2.o(.ARM.Collect$$$$00000001))

<P><STRONG><a name="[2a]"></a>_main_scatterload</STRONG> (Thumb, 0 bytes, Stack size unknown bytes, entry5.o(.ARM.Collect$$$$00000004))
<BR><BR>[Calls]<UL><LI><a href="#[2b]">&gt;&gt;</a>&nbsp;&nbsp;&nbsp;__scatterload
</UL>

<P><STRONG><a name="[31]"></a>__main_after_scatterload</STRONG> (Thumb, 0 bytes, Stack size unknown bytes, entry5.o(.ARM.Collect$$$$00000004))
<BR><BR>[Called By]<UL><LI><a href="#[2b]">&gt;&gt;</a>&nbsp;&nbsp;&nbsp;__scatterload
</UL>

<P><STRONG><a name="[3b]"></a>_main_clock</STRONG> (Thumb, 0 bytes, Stack size unknown bytes, entry7b.o(.ARM.Collect$$$$00000008))

<P><STRONG><a name="[3c]"></a>_main_cpp_init</STRONG> (Thumb, 0 bytes, Stack size unknown bytes, entry8b.o(.ARM.Collect$$$$0000000A))

<P><STRONG><a name="[3d]"></a>_main_init</STRONG> (Thumb, 0 bytes, Stack size unknown bytes, entry9a.o(.ARM.Collect$$$$0000000B))

<P><STRONG><a name="[2c]"></a>__rt_lib_shutdown_fini</STRONG> (Thumb, 0 bytes, Stack size unknown bytes, entry12b.o(.ARM.Collect$$$$0000000E))
<BR><BR>[Calls]<UL><LI><a href="#[2d]">&gt;&gt;</a>&nbsp;&nbsp;&nbsp;__arm_fini_ (Weak Reference)
</UL>

<P><STRONG><a name="[3e]"></a>__rt_final_cpp</STRONG> (Thumb, 0 bytes, Stack size unknown bytes, entry10a.o(.ARM.Collect$$$$0000000F))

<P><STRONG><a name="[3f]"></a>__rt_final_exit</STRONG> (Thumb, 0 bytes, Stack size unknown bytes, entry11a.o(.ARM.Collect$$$$00000011))

<P><STRONG><a name="[29]"></a>Reset_Handler</STRONG> (Thumb, 38 bytes, Stack size 0 bytes, startup_m031series.o(.text))

<P><STRONG><a name="[1]"></a>NMI_Handler</STRONG> (Thumb, 2 bytes, Stack size 0 bytes, startup_m031series.o(.text))
<BR><BR>[Calls]<UL><LI><a href="#[1]">&gt;&gt;</a>&nbsp;&nbsp;&nbsp;NMI_Handler
</UL>
<BR>[Called By]<UL><LI><a href="#[1]">&gt;&gt;</a>&nbsp;&nbsp;&nbsp;NMI_Handler
</UL>
<BR>[Address Reference Count : 1]<UL><LI> startup_m031series.o(RESET)
</UL>
<P><STRONG><a name="[2]"></a>HardFault_Handler</STRONG> (Thumb, 2 bytes, Stack size 0 bytes, startup_m031series.o(.text))
<BR><BR>[Calls]<UL><LI><a href="#[2]">&gt;&gt;</a>&nbsp;&nbsp;&nbsp;HardFault_Handler
</UL>
<BR>[Called By]<UL><LI><a href="#[2]">&gt;&gt;</a>&nbsp;&nbsp;&nbsp;HardFault_Handler
</UL>
<BR>[Address Reference Count : 1]<UL><LI> startup_m031series.o(RESET)
</UL>
<P><STRONG><a name="[3]"></a>SVC_Handler</STRONG> (Thumb, 2 bytes, Stack size 0 bytes, startup_m031series.o(.text))
<BR><BR>[Calls]<UL><LI><a href="#[3]">&gt;&gt;</a>&nbsp;&nbsp;&nbsp;SVC_Handler
</UL>
<BR>[Called By]<UL><LI><a href="#[3]">&gt;&gt;</a>&nbsp;&nbsp;&nbsp;SVC_Handler
</UL>
<BR>[Address Reference Count : 1]<UL><LI> startup_m031series.o(RESET)
</UL>
<P><STRONG><a name="[4]"></a>PendSV_Handler</STRONG> (Thumb, 2 bytes, Stack size 0 bytes, startup_m031series.o(.text))
<BR><BR>[Calls]<UL><LI><a href="#[4]">&gt;&gt;</a>&nbsp;&nbsp;&nbsp;PendSV_Handler
</UL>
<BR>[Called By]<UL><LI><a href="#[4]">&gt;&gt;</a>&nbsp;&nbsp;&nbsp;PendSV_Handler
</UL>
<BR>[Address Reference Count : 1]<UL><LI> startup_m031series.o(RESET)
</UL>
<P><STRONG><a name="[5]"></a>SysTick_Handler</STRONG> (Thumb, 2 bytes, Stack size 0 bytes, startup_m031series.o(.text))
<BR><BR>[Calls]<UL><LI><a href="#[5]">&gt;&gt;</a>&nbsp;&nbsp;&nbsp;SysTick_Handler
</UL>
<BR>[Called By]<UL><LI><a href="#[5]">&gt;&gt;</a>&nbsp;&nbsp;&nbsp;SysTick_Handler
</UL>
<BR>[Address Reference Count : 1]<UL><LI> startup_m031series.o(RESET)
</UL>
<P><STRONG><a name="[1f]"></a>ACMP01_IRQHandler</STRONG> (Thumb, 0 bytes, Stack size 0 bytes, startup_m031series.o(.text))
<BR>[Address Reference Count : 1]<UL><LI> startup_m031series.o(RESET)
</UL>
<P><STRONG><a name="[23]"></a>ADC_IRQHandler</STRONG> (Thumb, 0 bytes, Stack size 0 bytes, startup_m031series.o(.text))
<BR>[Address Reference Count : 1]<UL><LI> startup_m031series.o(RESET)
</UL>
<P><STRONG><a name="[6]"></a>BOD_IRQHandler</STRONG> (Thumb, 0 bytes, Stack size 0 bytes, startup_m031series.o(.text))
<BR>[Address Reference Count : 1]<UL><LI> startup_m031series.o(RESET)
</UL>
<P><STRONG><a name="[1a]"></a>BPWM0_IRQHandler</STRONG> (Thumb, 0 bytes, Stack size 0 bytes, startup_m031series.o(.text))
<BR>[Address Reference Count : 1]<UL><LI> startup_m031series.o(RESET)
</UL>
<P><STRONG><a name="[1b]"></a>BPWM1_IRQHandler</STRONG> (Thumb, 0 bytes, Stack size 0 bytes, startup_m031series.o(.text))
<BR>[Address Reference Count : 1]<UL><LI> startup_m031series.o(RESET)
</UL>
<P><STRONG><a name="[24]"></a>CKFAIL_IRQHandler</STRONG> (Thumb, 0 bytes, Stack size 0 bytes, startup_m031series.o(.text))
<BR>[Address Reference Count : 1]<UL><LI> startup_m031series.o(RESET)
</UL>
<P><STRONG><a name="[8]"></a>EINT024_IRQHandler</STRONG> (Thumb, 0 bytes, Stack size 0 bytes, startup_m031series.o(.text))
<BR>[Address Reference Count : 1]<UL><LI> startup_m031series.o(RESET)
</UL>
<P><STRONG><a name="[9]"></a>EINT135_IRQHandler</STRONG> (Thumb, 0 bytes, Stack size 0 bytes, startup_m031series.o(.text))
<BR>[Address Reference Count : 1]<UL><LI> startup_m031series.o(RESET)
</UL>
<P><STRONG><a name="[a]"></a>GPABGH_IRQHandler</STRONG> (Thumb, 0 bytes, Stack size 0 bytes, startup_m031series.o(.text))
<BR>[Address Reference Count : 1]<UL><LI> startup_m031series.o(RESET)
</UL>
<P><STRONG><a name="[b]"></a>GPCDEF_IRQHandler</STRONG> (Thumb, 0 bytes, Stack size 0 bytes, startup_m031series.o(.text))
<BR>[Address Reference Count : 1]<UL><LI> startup_m031series.o(RESET)
</UL>
<P><STRONG><a name="[18]"></a>I2C0_IRQHandler</STRONG> (Thumb, 0 bytes, Stack size 0 bytes, startup_m031series.o(.text))
<BR>[Address Reference Count : 1]<UL><LI> startup_m031series.o(RESET)
</UL>
<P><STRONG><a name="[19]"></a>I2C1_IRQHandler</STRONG> (Thumb, 0 bytes, Stack size 0 bytes, startup_m031series.o(.text))
<BR>[Address Reference Count : 1]<UL><LI> startup_m031series.o(RESET)
</UL>
<P><STRONG><a name="[16]"></a>ISP_IRQHandler</STRONG> (Thumb, 0 bytes, Stack size 0 bytes, startup_m031series.o(.text))
<BR>[Address Reference Count : 1]<UL><LI> startup_m031series.o(RESET)
</UL>
<P><STRONG><a name="[20]"></a>PDMA_IRQHandler</STRONG> (Thumb, 0 bytes, Stack size 0 bytes, startup_m031series.o(.text))
<BR>[Address Reference Count : 1]<UL><LI> startup_m031series.o(RESET)
</UL>
<P><STRONG><a name="[c]"></a>PWM0_IRQHandler</STRONG> (Thumb, 0 bytes, Stack size 0 bytes, startup_m031series.o(.text))
<BR>[Address Reference Count : 1]<UL><LI> startup_m031series.o(RESET)
</UL>
<P><STRONG><a name="[d]"></a>PWM1_IRQHandler</STRONG> (Thumb, 0 bytes, Stack size 0 bytes, startup_m031series.o(.text))
<BR>[Address Reference Count : 1]<UL><LI> startup_m031series.o(RESET)
</UL>
<P><STRONG><a name="[22]"></a>PWRWU_IRQHandler</STRONG> (Thumb, 0 bytes, Stack size 0 bytes, startup_m031series.o(.text))
<BR>[Address Reference Count : 1]<UL><LI> startup_m031series.o(RESET)
</UL>
<P><STRONG><a name="[15]"></a>QSPI0_IRQHandler</STRONG> (Thumb, 0 bytes, Stack size 0 bytes, startup_m031series.o(.text))
<BR>[Address Reference Count : 1]<UL><LI> startup_m031series.o(RESET)
</UL>
<P><STRONG><a name="[25]"></a>RTC_IRQHandler</STRONG> (Thumb, 0 bytes, Stack size 0 bytes, startup_m031series.o(.text))
<BR>[Address Reference Count : 1]<UL><LI> startup_m031series.o(RESET)
</UL>
<P><STRONG><a name="[14]"></a>SPI0_IRQHandler</STRONG> (Thumb, 0 bytes, Stack size 0 bytes, startup_m031series.o(.text))
<BR>[Address Reference Count : 1]<UL><LI> startup_m031series.o(RESET)
</UL>
<P><STRONG><a name="[e]"></a>TMR0_IRQHandler</STRONG> (Thumb, 0 bytes, Stack size 0 bytes, startup_m031series.o(.text))
<BR>[Address Reference Count : 1]<UL><LI> startup_m031series.o(RESET)
</UL>
<P><STRONG><a name="[f]"></a>TMR1_IRQHandler</STRONG> (Thumb, 0 bytes, Stack size 0 bytes, startup_m031series.o(.text))
<BR>[Address Reference Count : 1]<UL><LI> startup_m031series.o(RESET)
</UL>
<P><STRONG><a name="[10]"></a>TMR2_IRQHandler</STRONG> (Thumb, 0 bytes, Stack size 0 bytes, startup_m031series.o(.text))
<BR>[Address Reference Count : 1]<UL><LI> startup_m031series.o(RESET)
</UL>
<P><STRONG><a name="[11]"></a>TMR3_IRQHandler</STRONG> (Thumb, 0 bytes, Stack size 0 bytes, startup_m031series.o(.text))
<BR>[Address Reference Count : 1]<UL><LI> startup_m031series.o(RESET)
</UL>
<P><STRONG><a name="[13]"></a>UART13_IRQHandler</STRONG> (Thumb, 0 bytes, Stack size 0 bytes, startup_m031series.o(.text))
<BR>[Address Reference Count : 1]<UL><LI> startup_m031series.o(RESET)
</UL>
<P><STRONG><a name="[21]"></a>UART46_IRQHandler</STRONG> (Thumb, 0 bytes, Stack size 0 bytes, startup_m031series.o(.text))
<BR>[Address Reference Count : 1]<UL><LI> startup_m031series.o(RESET)
</UL>
<P><STRONG><a name="[17]"></a>UART57_IRQHandler</STRONG> (Thumb, 0 bytes, Stack size 0 bytes, startup_m031series.o(.text))
<BR>[Address Reference Count : 1]<UL><LI> startup_m031series.o(RESET)
</UL>
<P><STRONG><a name="[1d]"></a>USBD_IRQHandler</STRONG> (Thumb, 0 bytes, Stack size 0 bytes, startup_m031series.o(.text))
<BR>[Address Reference Count : 1]<UL><LI> startup_m031series.o(RESET)
</UL>
<P><STRONG><a name="[1c]"></a>USCI01_IRQHandler</STRONG> (Thumb, 0 bytes, Stack size 0 bytes, startup_m031series.o(.text))
<BR>[Address Reference Count : 1]<UL><LI> startup_m031series.o(RESET)
</UL>
<P><STRONG><a name="[7]"></a>WDT_IRQHandler</STRONG> (Thumb, 0 bytes, Stack size 0 bytes, startup_m031series.o(.text))
<BR>[Address Reference Count : 1]<UL><LI> startup_m031series.o(RESET)
</UL>
<P><STRONG><a name="[2f]"></a>__aeabi_memset</STRONG> (Thumb, 14 bytes, Stack size 0 bytes, memseta.o(.text))
<BR><BR>[Called By]<UL><LI><a href="#[30]">&gt;&gt;</a>&nbsp;&nbsp;&nbsp;_memset$wrapper
<LI><a href="#[2e]">&gt;&gt;</a>&nbsp;&nbsp;&nbsp;__aeabi_memclr
</UL>

<P><STRONG><a name="[40]"></a>__aeabi_memset4</STRONG> (Thumb, 0 bytes, Stack size 0 bytes, memseta.o(.text), UNUSED)

<P><STRONG><a name="[41]"></a>__aeabi_memset8</STRONG> (Thumb, 0 bytes, Stack size 0 bytes, memseta.o(.text), UNUSED)

<P><STRONG><a name="[2e]"></a>__aeabi_memclr</STRONG> (Thumb, 4 bytes, Stack size 0 bytes, memseta.o(.text))
<BR><BR>[Calls]<UL><LI><a href="#[2f]">&gt;&gt;</a>&nbsp;&nbsp;&nbsp;__aeabi_memset
</UL>
<BR>[Called By]<UL><LI><a href="#[35]">&gt;&gt;</a>&nbsp;&nbsp;&nbsp;ParseCmd
</UL>

<P><STRONG><a name="[42]"></a>__aeabi_memclr4</STRONG> (Thumb, 0 bytes, Stack size 0 bytes, memseta.o(.text), UNUSED)

<P><STRONG><a name="[43]"></a>__aeabi_memclr8</STRONG> (Thumb, 0 bytes, Stack size 0 bytes, memseta.o(.text), UNUSED)

<P><STRONG><a name="[30]"></a>_memset$wrapper</STRONG> (Thumb, 18 bytes, Stack size 8 bytes, memseta.o(.text), UNUSED)
<BR><BR>[Calls]<UL><LI><a href="#[2f]">&gt;&gt;</a>&nbsp;&nbsp;&nbsp;__aeabi_memset
</UL>

<P><STRONG><a name="[2b]"></a>__scatterload</STRONG> (Thumb, 28 bytes, Stack size 0 bytes, init.o(.text))
<BR><BR>[Calls]<UL><LI><a href="#[31]">&gt;&gt;</a>&nbsp;&nbsp;&nbsp;__main_after_scatterload
</UL>
<BR>[Called By]<UL><LI><a href="#[2a]">&gt;&gt;</a>&nbsp;&nbsp;&nbsp;_main_scatterload
</UL>

<P><STRONG><a name="[44]"></a>__scatterload_rt2</STRONG> (Thumb, 0 bytes, Stack size 0 bytes, init.o(.text), UNUSED)

<P><STRONG><a name="[33]"></a>FMC_Proc</STRONG> (Thumb, 80 bytes, Stack size 20 bytes, fmc_user.o(i.FMC_Proc))
<BR><BR>[Stack]<UL><LI>Max Depth = 20<LI>Call Chain = FMC_Proc
</UL>
<BR>[Called By]<UL><LI><a href="#[32]">&gt;&gt;</a>&nbsp;&nbsp;&nbsp;GetApromSize
<LI><a href="#[34]">&gt;&gt;</a>&nbsp;&nbsp;&nbsp;GetDataFlashInfo
<LI><a href="#[35]">&gt;&gt;</a>&nbsp;&nbsp;&nbsp;ParseCmd
<LI><a href="#[36]">&gt;&gt;</a>&nbsp;&nbsp;&nbsp;UpdateConfig
</UL>

<P><STRONG><a name="[32]"></a>GetApromSize</STRONG> (Thumb, 30 bytes, Stack size 16 bytes, targetdev.o(i.GetApromSize))
<BR><BR>[Stack]<UL><LI>Max Depth = 36<LI>Call Chain = GetApromSize &rArr; FMC_Proc
</UL>
<BR>[Calls]<UL><LI><a href="#[33]">&gt;&gt;</a>&nbsp;&nbsp;&nbsp;FMC_Proc
</UL>
<BR>[Called By]<UL><LI><a href="#[26]">&gt;&gt;</a>&nbsp;&nbsp;&nbsp;main
</UL>

<P><STRONG><a name="[34]"></a>GetDataFlashInfo</STRONG> (Thumb, 88 bytes, Stack size 24 bytes, targetdev.o(i.GetDataFlashInfo))
<BR><BR>[Stack]<UL><LI>Max Depth = 44<LI>Call Chain = GetDataFlashInfo &rArr; FMC_Proc
</UL>
<BR>[Calls]<UL><LI><a href="#[33]">&gt;&gt;</a>&nbsp;&nbsp;&nbsp;FMC_Proc
</UL>
<BR>[Called By]<UL><LI><a href="#[26]">&gt;&gt;</a>&nbsp;&nbsp;&nbsp;main
<LI><a href="#[35]">&gt;&gt;</a>&nbsp;&nbsp;&nbsp;ParseCmd
</UL>

<P><STRONG><a name="[35]"></a>ParseCmd</STRONG> (Thumb, 548 bytes, Stack size 40 bytes, isp_user.o(i.ParseCmd))
<BR><BR>[Stack]<UL><LI>Max Depth = 88<LI>Call Chain = ParseCmd &rArr; UpdateConfig &rArr; FMC_Proc
</UL>
<BR>[Calls]<UL><LI><a href="#[2e]">&gt;&gt;</a>&nbsp;&nbsp;&nbsp;__aeabi_memclr
<LI><a href="#[34]">&gt;&gt;</a>&nbsp;&nbsp;&nbsp;GetDataFlashInfo
<LI><a href="#[36]">&gt;&gt;</a>&nbsp;&nbsp;&nbsp;UpdateConfig
<LI><a href="#[33]">&gt;&gt;</a>&nbsp;&nbsp;&nbsp;FMC_Proc
</UL>
<BR>[Called By]<UL><LI><a href="#[26]">&gt;&gt;</a>&nbsp;&nbsp;&nbsp;main
</UL>

<P><STRONG><a name="[39]"></a>PutString</STRONG> (Thumb, 24 bytes, Stack size 0 bytes, uart_transfer.o(i.PutString))
<BR><BR>[Called By]<UL><LI><a href="#[26]">&gt;&gt;</a>&nbsp;&nbsp;&nbsp;main
</UL>

<P><STRONG><a name="[37]"></a>SYS_Init</STRONG> (Thumb, 126 bytes, Stack size 8 bytes, main.o(i.SYS_Init))
<BR><BR>[Stack]<UL><LI>Max Depth = 8<LI>Call Chain = SYS_Init
</UL>
<BR>[Called By]<UL><LI><a href="#[26]">&gt;&gt;</a>&nbsp;&nbsp;&nbsp;main
</UL>

<P><STRONG><a name="[27]"></a>SystemInit</STRONG> (Thumb, 46 bytes, Stack size 8 bytes, system_m031series.o(i.SystemInit))
<BR><BR>[Stack]<UL><LI>Max Depth = 8<LI>Call Chain = SystemInit
</UL>
<BR>[Address Reference Count : 1]<UL><LI> startup_m031series.o(.text)
</UL>
<P><STRONG><a name="[12]"></a>UART02_IRQHandler</STRONG> (Thumb, 64 bytes, Stack size 16 bytes, uart_transfer.o(i.UART02_IRQHandler))
<BR><BR>[Stack]<UL><LI>Max Depth = 16<LI>Call Chain = UART02_IRQHandler
</UL>
<BR>[Address Reference Count : 1]<UL><LI> startup_m031series.o(RESET)
</UL>
<P><STRONG><a name="[38]"></a>UART_Init</STRONG> (Thumb, 58 bytes, Stack size 0 bytes, uart_transfer.o(i.UART_Init))
<BR><BR>[Called By]<UL><LI><a href="#[26]">&gt;&gt;</a>&nbsp;&nbsp;&nbsp;main
</UL>

<P><STRONG><a name="[36]"></a>UpdateConfig</STRONG> (Thumb, 66 bytes, Stack size 28 bytes, fmc_user.o(i.UpdateConfig))
<BR><BR>[Stack]<UL><LI>Max Depth = 48<LI>Call Chain = UpdateConfig &rArr; FMC_Proc
</UL>
<BR>[Calls]<UL><LI><a href="#[33]">&gt;&gt;</a>&nbsp;&nbsp;&nbsp;FMC_Proc
</UL>
<BR>[Called By]<UL><LI><a href="#[35]">&gt;&gt;</a>&nbsp;&nbsp;&nbsp;ParseCmd
</UL>

<P><STRONG><a name="[45]"></a>__scatterload_copy</STRONG> (Thumb, 14 bytes, Stack size unknown bytes, handlers.o(i.__scatterload_copy), UNUSED)

<P><STRONG><a name="[46]"></a>__scatterload_null</STRONG> (Thumb, 2 bytes, Stack size unknown bytes, handlers.o(i.__scatterload_null), UNUSED)

<P><STRONG><a name="[47]"></a>__scatterload_zeroinit</STRONG> (Thumb, 14 bytes, Stack size unknown bytes, handlers.o(i.__scatterload_zeroinit), UNUSED)

<P><STRONG><a name="[26]"></a>main</STRONG> (Thumb, 174 bytes, Stack size 0 bytes, main.o(i.main))
<BR><BR>[Stack]<UL><LI>Max Depth = 88<LI>Call Chain = main &rArr; ParseCmd &rArr; UpdateConfig &rArr; FMC_Proc
</UL>
<BR>[Calls]<UL><LI><a href="#[38]">&gt;&gt;</a>&nbsp;&nbsp;&nbsp;UART_Init
<LI><a href="#[39]">&gt;&gt;</a>&nbsp;&nbsp;&nbsp;PutString
<LI><a href="#[37]">&gt;&gt;</a>&nbsp;&nbsp;&nbsp;SYS_Init
<LI><a href="#[32]">&gt;&gt;</a>&nbsp;&nbsp;&nbsp;GetApromSize
<LI><a href="#[34]">&gt;&gt;</a>&nbsp;&nbsp;&nbsp;GetDataFlashInfo
<LI><a href="#[35]">&gt;&gt;</a>&nbsp;&nbsp;&nbsp;ParseCmd
</UL>
<BR>[Address Reference Count : 1]<UL><LI> entry9a.o(.ARM.Collect$$$$0000000B)
</UL><P>
<H3>
Local Symbols
</H3>
<P><STRONG><a name="[1e]"></a>Default_Handler</STRONG> (Thumb, 2 bytes, Stack size 0 bytes, startup_m031series.o(.text))
<BR><BR>[Calls]<UL><LI><a href="#[1e]">&gt;&gt;</a>&nbsp;&nbsp;&nbsp;Default_Handler
</UL>
<BR>[Called By]<UL><LI><a href="#[1e]">&gt;&gt;</a>&nbsp;&nbsp;&nbsp;Default_Handler
</UL>
<BR>[Address Reference Count : 1]<UL><LI> startup_m031series.o(RESET)
</UL><P>
<H3>
Undefined Global Symbols
</H3>
<P><STRONG><a name="[2d]"></a>__arm_fini_</STRONG> (Unknown, 0 bytes, Stack size 0 bytes, UNDEFINED)
<BR><BR>[Called By]<UL><LI><a href="#[2c]">&gt;&gt;</a>&nbsp;&nbsp;&nbsp;__rt_lib_shutdown_fini
</UL>
<HR></body></html>
