<html>
<body>
<pre>
<h1>µVision Build Log</h1>
<h2>Tool Versions:</h2>
IDE-Version: µVision V5.38.0.0
Copyright (C) 2022 ARM Ltd and ARM Germany GmbH. All rights reserved.
License Information: MUSTAFA SEYHAN, ASELSAN MTAL, LIC=----
 
Tool Versions:
Toolchain:       MDK-Lite  Version: 5.38.0.0
Toolchain Path:  C:\Keil_v5\ARM\ARM_Compiler_5.06u7\Bin
C Compiler:      Armcc.exe V5.06 update 7 (build 960)
Assembler:       Armasm.exe V5.06 update 7 (build 960)
Linker/Locator:  ArmLink.exe V5.06 update 7 (build 960)
Library Manager: ArmAr.exe V5.06 update 7 (build 960)
Hex Converter:   FromElf.exe V5.06 update 7 (build 960)
CPU DLL:         SARMCM3.DLL V5.38.0.0
Dialog DLL:      DARMCM1.DLL V1.19.6.0
Target DLL:      Nu_Link.dll V3.09
Dialog DLL:      TARMCM1.DLL V1.14.6.0
 
<h2>Project:</h2>
C:\Keil_v5\ARM\M031_Series_BSP_CMSIS_V3.05.000\SampleCode\ISP\ISP_UART\KEIL\ISP_UART.uvproj
Project File Date:  12/04/2022

<h2>Output:</h2>
*** Using Compiler 'V5.06 update 7 (build 960)', folder: 'C:\Keil_v5\ARM\ARM_Compiler_5.06u7\Bin'
Build target 'ISP_UART'
creating preprocessor file for uart_transfer.c...
creating preprocessor file for fmc_user.c...
creating preprocessor file for main.c...
creating preprocessor file for targetdev.c...
creating preprocessor file for isp_user.c...
creating preprocessor file for system_M031Series.c...
compiling main.c...
linking...
Program Size: Code=1696 RO-data=224 RW-data=52 ZI-data=1156  
FromELF: creating hex file...
After Build - User command #1: fromelf --bin ".\obj\ISP_UART.axf" --output ".\obj\ISP_UART.bin"
After Build - User command #2: fromelf --text -c ".\obj\ISP_UART.axf" --output ".\obj\ISP_UART.txt"
".\obj\ISP_UART.axf" - 0 Error(s), 0 Warning(s).
Build Time Elapsed:  00:00:02
</pre>
</body>
</html>
